next.config.ts(27,3): error TS2353: Object literal may only specify known properties, and 'eslint' does not exist in type 'NextConfig'.
src/app/(dashboard)/chat/page.tsx(70,73): error TS2345: Argument of type '(newMsg: ChatMessage) => void' is not assignable to parameter of type '(msg: Record<string, unknown>) => void'.
  Types of parameters 'newMsg' and 'msg' are incompatible.
    Type 'Record<string, unknown>' is missing the following properties from type 'ChatMessage': id, sender_id, content, created_at
src/app/(dashboard)/chat/page.tsx(85,30): error TS2345: Argument of type '{ peerId: string; peerProfile: Record<string, unknown>; lastMessage: string; lastAt: string; }[]' is not assignable to parameter of type 'SetStateAction<Conversation[]>'.
  Type '{ peerId: string; peerProfile: Record<string, unknown>; lastMessage: string; lastAt: string; }[]' is not assignable to type 'Conversation[]'.
    Type '{ peerId: string; peerProfile: Record<string, unknown>; lastMessage: string; lastAt: string; }' is not assignable to type 'Conversation'.
      Types of property 'peerProfile' are incompatible.
        Property 'name' is missing in type 'Record<string, unknown>' but required in type '{ name: string; avatar_url?: string | undefined; }'.
src/app/(dashboard)/chat/page.tsx(109,90): error TS2345: Argument of type '(newMsg: ChatMessage) => void' is not assignable to parameter of type '(msg: Record<string, unknown>) => void'.
  Types of parameters 'newMsg' and 'msg' are incompatible.
    Type 'Record<string, unknown>' is missing the following properties from type 'ChatMessage': id, sender_id, content, created_at
src/app/(dashboard)/home/page.tsx(80,65): error TS7006: Parameter 'a' implicitly has an 'any' type.
